2026-07-09 23:50:43,479 | INFO | Starting Section 4.9 Dataset-level Intrinsic Factor Analysis
2026-07-09 23:50:43,479 | INFO | Input 4.6 directory: E:\NAM3\BDML\Project\DBML\compare\results\output_4_6
2026-07-09 23:50:43,480 | INFO | Input 4.7 directory: E:\NAM3\BDML\Project\DBML\compare\results\output_4_7
2026-07-09 23:50:43,480 | INFO | Output directory: E:\NAM3\BDML\Project\DBML\compare\results\output_4_9
2026-07-09 23:50:43,480 | INFO | Random state: 42
2026-07-09 23:50:43,480 | INFO | Reading E:\NAM3\BDML\Project\DBML\compare\results\output_4_6\handshape_features.csv
2026-07-09 23:50:43,931 | INFO | handshape_features.csv: loaded 23780 rows, selected 48 numeric columns, aggregated to 11890 unique videos.
2026-07-09 23:50:43,933 | INFO | Reading E:\NAM3\BDML\Project\DBML\compare\results\output_4_6\location_video.csv
2026-07-09 23:50:44,117 | INFO | location_video.csv: loaded 23780 rows, selected 5 numeric columns, aggregated to 11890 unique videos.
2026-07-09 23:50:44,119 | INFO | Reading E:\NAM3\BDML\Project\DBML\compare\results\output_4_6\orientation_video.csv
2026-07-09 23:50:44,311 | INFO | orientation_video.csv: loaded 23780 rows, selected 6 numeric columns, aggregated to 11890 unique videos.
2026-07-09 23:50:44,311 | INFO | Reading E:\NAM3\BDML\Project\DBML\compare\results\output_4_7\motion_features_per_video.csv
2026-07-09 23:50:44,595 | INFO | motion_features_per_video.csv: loaded 16342 rows, selected 12 numeric columns, aggregated to 16342 unique videos.
2026-07-09 23:50:44,685 | INFO | Merged signer feature table contains 16342 video-level rows.
2026-07-09 23:50:44,691 | INFO | Filling missing signer features using column medians and applying StandardScaler across all signer features.
2026-07-09 23:50:46,418 | INFO | Computed signer variation for 5314 glosses.
2026-07-09 23:50:46,424 | INFO | Reading motion complexity summary: E:\NAM3\BDML\Project\DBML\compare\results\output_4_7\motion_features_by_label.csv
2026-07-09 23:50:46,465 | INFO | Prepared motion complexity ranking for 5314 glosses.
2026-07-09 23:50:46,467 | INFO | Reading sequence length summary: E:\NAM3\BDML\Project\DBML\compare\results\output_4_7\sequence_length_by_label.csv
2026-07-09 23:50:46,501 | INFO | Prepared sequence length variation ranking for 5314 glosses.
2026-07-09 23:50:46,512 | INFO | Writing CSV outputs.
2026-07-09 23:50:46,596 | INFO | Generating publication-quality figures at 300 dpi.
2026-07-09 23:50:51,127 | INFO | Completed Section 4.9 successfully.
